// Jest Snapshot v1, https://goo.gl/fbAQLP

exports[`Counter shows the count 1`] = `
<div>
  <p>
    Count: 
    2
  </p>
  <button
    onClick={[Function]}
  >
    Increment
  </button>
</div>
`;
