// Jest Snapshot v1, https://goo.gl/fbAQLP

exports[`Greeter shows the name 1`] = `
<span>
  Hello 
  Brendon
</span>
`;
